
==============================================================================
OW 32: train 1055 / val 302 / test 1009 (test pos 329, 32.6%)
==============================================================================
  BiLSTM-F1        OW32 seed42  tau=0.541 F1=0.8315 acc=0.8920 auc=0.9324 (78.4s, ep41)
  BiLSTM-F1        OW32 seed0   tau=0.443 F1=0.8434 acc=0.8900 auc=0.9411 (42.8s, ep17)
  BiLSTM-F1        OW32 seed1   tau=0.500 F1=0.8576 acc=0.9019 auc=0.9382 (34.0s, ep11)
  BiLSTM-F1        OW32 seed2   tau=0.578 F1=0.8348 acc=0.8910 auc=0.9301 (39.4s, ep20)
  BiLSTM-F1        OW32 seed3   tau=0.443 F1=0.8201 acc=0.8722 auc=0.9407 (55.9s, ep22)
  -> BiLSTM-F1        OW32: F1 0.8375±0.0140 acc 0.8894 auc 0.9365 | ens F1 0.8457@0.532

  Transformer-F1   OW32 seed42  tau=0.500 F1=0.8444 acc=0.8890 auc=0.9493 (32.0s, ep24)
  Transformer-F1   OW32 seed0   tau=0.488 F1=0.8605 acc=0.9068 auc=0.9533 (33.1s, ep12)
  Transformer-F1   OW32 seed1   tau=0.386 F1=0.8107 acc=0.8603 auc=0.9457 (42.5s, ep36)
  Transformer-F1   OW32 seed2   tau=0.500 F1=0.8193 acc=0.8702 auc=0.9427 (59.6s, ep26)
  Transformer-F1   OW32 seed3   tau=0.484 F1=0.8559 acc=0.8999 auc=0.9471 (26.5s, ep12)
  -> Transformer-F1   OW32: F1 0.8382±0.0222 acc 0.8852 auc 0.9476 | ens F1 0.8503@0.427

  GRU-F1           OW32 seed42  tau=0.661 F1=0.8580 acc=0.9088 auc=0.9321 (40.3s, ep26)
  GRU-F1           OW32 seed0   tau=0.438 F1=0.8263 acc=0.8900 auc=0.9187 (40.8s, ep37)
  GRU-F1           OW32 seed1   tau=0.428 F1=0.8352 acc=0.8850 auc=0.9332 (31.8s, ep17)
  GRU-F1           OW32 seed2   tau=0.473 F1=0.8430 acc=0.8930 auc=0.9409 (33.7s, ep31)
  GRU-F1           OW32 seed3   tau=0.577 F1=0.8070 acc=0.8791 auc=0.9226 (32.1s, ep32)
  -> GRU-F1           OW32: F1 0.8339±0.0190 acc 0.8912 auc 0.9295 | ens F1 0.8430@0.341

  Vanilla RNN-F1   OW32 seed42  tau=0.466 F1=0.8275 acc=0.8831 auc=0.9373 (19.9s, ep34)
  Vanilla RNN-F1   OW32 seed0   tau=0.509 F1=0.8478 acc=0.8989 auc=0.9519 (30.1s, ep50)
  Vanilla RNN-F1   OW32 seed1   tau=0.537 F1=0.8438 acc=0.8969 auc=0.9473 (31.6s, ep43)
  Vanilla RNN-F1   OW32 seed2   tau=0.563 F1=0.8329 acc=0.8850 auc=0.9420 (40.9s, ep38)
  Vanilla RNN-F1   OW32 seed3   tau=0.255 F1=0.8179 acc=0.8712 auc=0.9330 (43.2s, ep82)
  -> Vanilla RNN-F1   OW32: F1 0.8340±0.0121 acc 0.8870 auc 0.9423 | ens F1 0.8465@0.379


==============================================================================
OW 64: train 501 / val 138 / test 458 (test pos 149, 32.5%)
==============================================================================
  BiLSTM-F1        OW64 seed42  tau=0.488 F1=0.7883 acc=0.8581 auc=0.9209 (57.0s, ep23)
  BiLSTM-F1        OW64 seed0   tau=0.587 F1=0.8317 acc=0.8843 auc=0.9325 (44.6s, ep20)
  BiLSTM-F1        OW64 seed1   tau=0.407 F1=0.8207 acc=0.8712 auc=0.9361 (37.7s, ep27)
  BiLSTM-F1        OW64 seed2   tau=0.500 F1=0.8317 acc=0.8843 auc=0.9346 (36.5s, ep12)
  BiLSTM-F1        OW64 seed3   tau=0.500 F1=0.8176 acc=0.8646 auc=0.9340 (43.1s, ep14)
  -> BiLSTM-F1        OW64: F1 0.8180±0.0178 acc 0.8725 auc 0.9316 | ens F1 0.8000@0.343

  Transformer-F1   OW64 seed42  tau=0.505 F1=0.8627 acc=0.9083 auc=0.9485 (28.5s, ep22)
  Transformer-F1   OW64 seed0   tau=0.500 F1=0.7812 acc=0.8275 auc=0.9221 (23.2s, ep18)
  Transformer-F1   OW64 seed1   tau=0.398 F1=0.8071 acc=0.8581 auc=0.9374 (48.5s, ep6)
  Transformer-F1   OW64 seed2   tau=0.694 F1=0.8117 acc=0.8734 auc=0.9306 (18.0s, ep6)
  Transformer-F1   OW64 seed3   tau=0.589 F1=0.8308 acc=0.8799 auc=0.9351 (17.1s, ep7)
  -> Transformer-F1   OW64: F1 0.8187±0.0303 acc 0.8694 auc 0.9347 | ens F1 0.8242@0.500

  GRU-F1           OW64 seed42  tau=0.500 F1=0.7864 acc=0.8624 auc=0.9233 (32.8s, ep31)
  GRU-F1           OW64 seed0   tau=0.566 F1=0.8428 acc=0.8908 auc=0.9381 (42.5s, ep19)
  GRU-F1           OW64 seed1   tau=0.440 F1=0.7975 acc=0.8581 auc=0.9353 (38.8s, ep24)
  GRU-F1           OW64 seed2   tau=0.500 F1=0.8523 acc=0.9039 auc=0.9402 (49.1s, ep20)
  GRU-F1           OW64 seed3   tau=0.500 F1=0.8296 acc=0.8843 auc=0.9390 (46.2s, ep16)
  -> GRU-F1           OW64: F1 0.8217±0.0286 acc 0.8799 auc 0.9352 | ens F1 0.8261@0.345

  Vanilla RNN-F1   OW64 seed42  tau=0.500 F1=0.7937 acc=0.8581 auc=0.9231 (34.5s, ep35)
  Vanilla RNN-F1   OW64 seed0   tau=0.449 F1=0.8303 acc=0.8777 auc=0.9283 (13.4s, ep13)
  Vanilla RNN-F1   OW64 seed1   tau=0.354 F1=0.7940 acc=0.8493 auc=0.9348 (15.7s, ep33)
  Vanilla RNN-F1   OW64 seed2   tau=0.547 F1=0.8110 acc=0.8646 auc=0.9243 (17.0s, ep29)
  Vanilla RNN-F1   OW64 seed3   tau=0.150 F1=0.7788 acc=0.8362 auc=0.9339 (34.8s, ep54)
  -> Vanilla RNN-F1   OW64: F1 0.8015±0.0197 acc 0.8572 auc 0.9289 | ens F1 0.7841@0.277


TOTAL 1478s. wrote 01_ow_results.json, 01_ow_results.csv, runs_ow/
