device cpu | 36 grid configs | seeds [42, 0, 1, 2, 3] | family birnn

=== Stage 1: 36-config grid (seed 42, val only) ===
  [ 1/36] lr1e-03_do0.2_h64_nl2  valF1 0.8215  valAUC 0.9671  ep 12 (5s)
  [ 2/36] lr1e-03_do0.3_h64_nl2  valF1 0.8280  valAUC 0.9685  ep 10 (5s)
  [ 3/36] lr1e-03_do0.5_h64_nl2  valF1 0.8393  valAUC 0.9667  ep  6 (4s)
  [ 4/36] lr1e-03_doNA_h64_nl1   valF1 0.8110  valAUC 0.9566  ep 15 (3s)
  [ 5/36] lr1e-03_do0.2_h128_nl2 valF1 0.8424  valAUC 0.9660  ep 14 (8s)
  [ 6/36] lr1e-03_do0.3_h128_nl2 valF1 0.8251  valAUC 0.9662  ep 13 (8s)
  [ 7/36] lr1e-03_do0.5_h128_nl2 valF1 0.8498  valAUC 0.9686  ep 13 (8s)
  [ 8/36] lr1e-03_doNA_h128_nl1  valF1 0.8383  valAUC 0.9556  ep  7 (3s)
  [ 9/36] lr1e-03_do0.2_h256_nl2 valF1 0.8193  valAUC 0.9631  ep 12 (19s)
  [10/36] lr1e-03_do0.3_h256_nl2 valF1 0.8265  valAUC 0.9666  ep 22 (22s)
  [11/36] lr1e-03_do0.5_h256_nl2 valF1 0.8492  valAUC 0.9652  ep 20 (17s)
  [12/36] lr1e-03_doNA_h256_nl1  valF1 0.8485  valAUC 0.9719  ep 20 (9s)
  [13/36] lr5e-04_do0.2_h64_nl2  valF1 0.8213  valAUC 0.9628  ep 14 (9s)
  [14/36] lr5e-04_do0.3_h64_nl2  valF1 0.8274  valAUC 0.9611  ep 21 (6s)
  [15/36] lr5e-04_do0.5_h64_nl2  valF1 0.8349  valAUC 0.9635  ep  7 (8s)
  [16/36] lr5e-04_doNA_h64_nl1   valF1 0.8123  valAUC 0.9605  ep 37 (5s)
  [17/36] lr5e-04_do0.2_h128_nl2 valF1 0.8444  valAUC 0.9637  ep 13 (8s)
  [18/36] lr5e-04_do0.3_h128_nl2 valF1 0.8333  valAUC 0.9599  ep  7 (9s)
  [19/36] lr5e-04_do0.5_h128_nl2 valF1 0.8297  valAUC 0.9621  ep 13 (7s)
  [20/36] lr5e-04_doNA_h128_nl1  valF1 0.8155  valAUC 0.9582  ep  8 (4s)
  [21/36] lr5e-04_do0.2_h256_nl2 valF1 0.8354  valAUC 0.9660  ep 24 (19s)
  [22/36] lr5e-04_do0.3_h256_nl2 valF1 0.8440  valAUC 0.9676  ep 13 (19s)
  [23/36] lr5e-04_do0.5_h256_nl2 valF1 0.8193  valAUC 0.9669  ep 13 (19s)
  [24/36] lr5e-04_doNA_h256_nl1  valF1 0.8500  valAUC 0.9703  ep 28 (9s)
  [25/36] lr1e-04_do0.2_h64_nl2  valF1 0.8168  valAUC 0.9526  ep 10 (11s)
  [26/36] lr1e-04_do0.3_h64_nl2  valF1 0.8185  valAUC 0.9540  ep 21 (11s)
  [27/36] lr1e-04_do0.5_h64_nl2  valF1 0.8123  valAUC 0.9547  ep 12 (11s)
  [28/36] lr1e-04_doNA_h64_nl1   valF1 0.8179  valAUC 0.9416  ep 13 (5s)
  [29/36] lr1e-04_do0.2_h128_nl2 valF1 0.7906  valAUC 0.9500  ep  7 (10s)
  [30/36] lr1e-04_do0.3_h128_nl2 valF1 0.8098  valAUC 0.9570  ep 32 (12s)
  [31/36] lr1e-04_do0.5_h128_nl2 valF1 0.8062  valAUC 0.9561  ep  9 (15s)
  [32/36] lr1e-04_doNA_h128_nl1  valF1 0.7987  valAUC 0.9359  ep 11 (3s)
  [33/36] lr1e-04_do0.2_h256_nl2 valF1 0.8354  valAUC 0.9678  ep 12 (22s)
  [34/36] lr1e-04_do0.3_h256_nl2 valF1 0.8065  valAUC 0.9563  ep 18 (17s)
  [35/36] lr1e-04_do0.5_h256_nl2 valF1 0.7987  valAUC 0.9551  ep 23 (18s)
  [36/36] lr1e-04_doNA_h256_nl1  valF1 0.8215  valAUC 0.9357  ep  5 (5s)

top-5 val-F1 : ['lr5e-04_doNA_h256_nl1', 'lr1e-03_do0.5_h128_nl2', 'lr1e-03_do0.5_h256_nl2', 'lr1e-03_doNA_h256_nl1', 'lr5e-04_do0.2_h128_nl2']
top-5 val-AUC: ['lr1e-03_doNA_h256_nl1', 'lr5e-04_doNA_h256_nl1', 'lr1e-03_do0.5_h128_nl2', 'lr1e-03_do0.3_h64_nl2', 'lr1e-04_do0.2_h256_nl2']
multiseed candidates (8): ['lr5e-04_doNA_h256_nl1', 'lr1e-03_do0.5_h128_nl2', 'lr1e-03_do0.5_h256_nl2', 'lr1e-03_doNA_h256_nl1', 'lr5e-04_do0.2_h128_nl2', 'lr1e-03_do0.3_h64_nl2', 'lr1e-04_do0.2_h256_nl2', 'lr1e-03_do0.3_h128_nl2']

=== Stage 2: 8 candidates x 5 seeds (val only) ===
  lr5e-04_doNA_h256_nl1  valF1 0.8473±0.0065  valAUC 0.9689±0.0039
  lr1e-03_do0.5_h128_nl2 valF1 0.8428±0.0070  valAUC 0.9686±0.0048
  lr1e-03_do0.5_h256_nl2 valF1 0.8498±0.0221  valAUC 0.9677±0.0052
  lr1e-03_doNA_h256_nl1  valF1 0.8509±0.0130  valAUC 0.9714±0.0054
  lr5e-04_do0.2_h128_nl2 valF1 0.8491±0.0194  valAUC 0.9670±0.0072
  lr1e-03_do0.3_h64_nl2  valF1 0.8417±0.0120  valAUC 0.9670±0.0023
  lr1e-04_do0.2_h256_nl2 valF1 0.8554±0.0141  valAUC 0.9721±0.0051
  lr1e-03_do0.3_h128_nl2 valF1 0.8429±0.0141  valAUC 0.9671±0.0030

F1-winner : lr1e-04_do0.2_h256_nl2  (mean valF1 0.8554)
AUC-winner: lr1e-04_do0.2_h256_nl2  (mean valAUC 0.9721)  [same as F1-winner]

=== Stage 3: pos_weight sweep on lr1e-04_do0.2_h256_nl2 x 5 seeds (val only) ===
  pw 1     valF1 0.8511±0.0214
  pw 1.3   valF1 0.8498±0.0204
  pw 1.682 valF1 0.8554±0.0141
  pw 2.1   valF1 0.8510±0.0239
  pw 2.5   valF1 0.8551±0.0187

best sweep pw 1.682 (mean valF1 0.8554); anchor 1.682 = 0.8554 -> chosen pw 1.682

instability ledger: 0 diverged runs (every config trained cleanly)

wrote runs_search/ + _stage_summary.json  (R3 re-derives from raw JSONs)
