device cpu | 36 grid configs | seeds [42, 0, 1, 2, 3]

=== Stage 1: 36-config grid (seed 42, val only) ===
  [ 1/36] lr1e-03_do0.2_h64_nl2  valF1 0.8249  valAUC 0.9682  ep  5 (9s)
  [ 2/36] lr1e-03_do0.3_h64_nl2  valF1 0.8108  valAUC 0.9663  ep  7 (8s)
  [ 3/36] lr1e-03_do0.5_h64_nl2  valF1 0.8485  valAUC 0.9680  ep  7 (8s)
  [ 4/36] lr1e-03_doNA_h64_nl1   valF1 0.8424  valAUC 0.9594  ep  5 (4s)
  [ 5/36] lr1e-03_do0.2_h128_nl2 valF1 0.8348  valAUC 0.9675  ep 17 (21s)
  [ 6/36] lr1e-03_do0.3_h128_nl2 valF1 0.8379  valAUC 0.9664  ep  6 (14s)
  [ 7/36] lr1e-03_do0.5_h128_nl2 valF1 0.8260  valAUC 0.9641  ep 14 (23s)
  [ 8/36] lr1e-03_doNA_h128_nl1  valF1 0.8369  valAUC 0.9596  ep  7 (7s)
  [ 9/36] lr1e-03_do0.2_h256_nl2 valF1 0.8491  valAUC 0.9770  ep 12 (38s)
  [10/36] lr1e-03_do0.3_h256_nl2 valF1 0.8519  valAUC 0.9716  ep 21 (34s)
  [11/36] lr1e-03_do0.5_h256_nl2 valF1 0.8344  valAUC 0.9704  ep 37 (54s)
  [12/36] lr1e-03_doNA_h256_nl1  valF1 0.8511  valAUC 0.9654  ep  8 (10s)
  [13/36] lr5e-04_do0.2_h64_nl2  valF1 0.8415  valAUC 0.9606  ep  7 (8s)
  [14/36] lr5e-04_do0.3_h64_nl2  valF1 0.8364  valAUC 0.9586  ep  7 (8s)
  [15/36] lr5e-04_do0.5_h64_nl2  valF1 0.8405  valAUC 0.9585  ep 10 (9s)
  [16/36] lr5e-04_doNA_h64_nl1   valF1 0.8364  valAUC 0.9548  ep  7 (5s)
  [17/36] lr5e-04_do0.2_h128_nl2 valF1 0.8182  valAUC 0.9645  ep  6 (20s)
  [18/36] lr5e-04_do0.3_h128_nl2 valF1 0.8282  valAUC 0.9631  ep  6 (21s)
  [19/36] lr5e-04_do0.5_h128_nl2 valF1 0.8190  valAUC 0.9593  ep 10 (21s)
  [20/36] lr5e-04_doNA_h128_nl1  valF1 0.8235  valAUC 0.9561  ep  7 (7s)
  [21/36] lr5e-04_do0.2_h256_nl2 valF1 0.8508  valAUC 0.9711  ep 12 (34s)
  [22/36] lr5e-04_do0.3_h256_nl2 valF1 0.8544  valAUC 0.9730  ep  9 (43s)
  [23/36] lr5e-04_do0.5_h256_nl2 valF1 0.8544  valAUC 0.9751  ep 22 (51s)
  [24/36] lr5e-04_doNA_h256_nl1  valF1 0.8317  valAUC 0.9603  ep 11 (11s)
  [25/36] lr1e-04_do0.2_h64_nl2  valF1 0.8488  valAUC 0.9691  ep 38 (20s)
  [26/36] lr1e-04_do0.3_h64_nl2  valF1 0.8421  valAUC 0.9680  ep 38 (20s)
  [27/36] lr1e-04_do0.5_h64_nl2  valF1 0.8412  valAUC 0.9656  ep 38 (20s)
  [28/36] lr1e-04_doNA_h64_nl1   valF1 0.8162  valAUC 0.9519  ep 31 (8s)
  [29/36] lr1e-04_do0.2_h128_nl2 valF1 0.8344  valAUC 0.9526  ep 16 (22s)
  [30/36] lr1e-04_do0.3_h128_nl2 valF1 0.8317  valAUC 0.9546  ep 16 (23s)
  [31/36] lr1e-04_do0.5_h128_nl2 valF1 0.8364  valAUC 0.9547  ep 18 (22s)
  [32/36] lr1e-04_doNA_h128_nl1  valF1 0.8228  valAUC 0.9462  ep 20 (11s)
  [33/36] lr1e-04_do0.2_h256_nl2 valF1 0.8303  valAUC 0.9581  ep 14 (50s)
  [34/36] lr1e-04_do0.3_h256_nl2 valF1 0.8344  valAUC 0.9583  ep 14 (47s)
  [35/36] lr1e-04_do0.5_h256_nl2 valF1 0.8364  valAUC 0.9566  ep 14 (40s)
  [36/36] lr1e-04_doNA_h256_nl1  valF1 0.8399  valAUC 0.9567  ep 24 (15s)

top-5 val-F1 : ['lr5e-04_do0.5_h256_nl2', 'lr5e-04_do0.3_h256_nl2', 'lr1e-03_do0.3_h256_nl2', 'lr1e-03_doNA_h256_nl1', 'lr5e-04_do0.2_h256_nl2']
top-5 val-AUC: ['lr1e-03_do0.2_h256_nl2', 'lr5e-04_do0.5_h256_nl2', 'lr5e-04_do0.3_h256_nl2', 'lr1e-03_do0.3_h256_nl2', 'lr5e-04_do0.2_h256_nl2']
multiseed candidates (7): ['lr5e-04_do0.5_h256_nl2', 'lr5e-04_do0.3_h256_nl2', 'lr1e-03_do0.3_h256_nl2', 'lr1e-03_doNA_h256_nl1', 'lr5e-04_do0.2_h256_nl2', 'lr1e-03_do0.2_h256_nl2', 'lr1e-03_do0.3_h128_nl2']

=== Stage 2: 7 candidates x 5 seeds (val only) ===
  lr5e-04_do0.5_h256_nl2 valF1 0.8613±0.0240  valAUC 0.9743±0.0053
  lr5e-04_do0.3_h256_nl2 valF1 0.8683±0.0241  valAUC 0.9747±0.0026
  lr1e-03_do0.3_h256_nl2 valF1 0.8616±0.0158  valAUC 0.9737±0.0039
  lr1e-03_doNA_h256_nl1  valF1 0.8573±0.0192  valAUC 0.9705±0.0047
  lr5e-04_do0.2_h256_nl2 valF1 0.8622±0.0305  valAUC 0.9755±0.0027
  lr1e-03_do0.2_h256_nl2 valF1 0.8608±0.0095  valAUC 0.9760±0.0017
  lr1e-03_do0.3_h128_nl2 valF1 0.8558±0.0138  valAUC 0.9709±0.0038

F1-winner : lr5e-04_do0.3_h256_nl2  (mean valF1 0.8683)
AUC-winner: lr1e-03_do0.2_h256_nl2  (mean valAUC 0.9760)

=== Stage 3: pos_weight sweep on lr5e-04_do0.3_h256_nl2 x 5 seeds (val only) ===
  pw 1     valF1 0.8547±0.0245
  pw 1.3   valF1 0.8612±0.0195
  pw 1.682 valF1 0.8683±0.0241
  pw 2.1   valF1 0.8667±0.0183
  pw 2.5   valF1 0.8621±0.0232

best sweep pw 1.682 (mean valF1 0.8683); anchor 1.682 = 0.8683 -> chosen pw 1.682

wrote runs_search/ + _stage_summary.json  (G3 re-derives from raw JSONs)
